error: custom attribute panicked
  --> tests/ui/task/missing_autostart_param_for_hook.rs:10:1
   |
10 | #[riot_rs::task(usb_builder_hook)]
   | ^^^^^^^^^^^^^^^^^^^^^^^^^^^^^^^^^^
   |
   = help: message: the task must be `autostart` to instantiate hooks
