error: custom attribute panicked
  --> tests/ui/spawner/async_fn.rs:10:1
   |
10 | #[riot_rs::spawner]
   | ^^^^^^^^^^^^^^^^^^^
   |
   = help: message: spawner functions cannot be async
